2026-04-29T00:31:28.074+0530 [INFO] [org.gradle.internal.nativeintegration.services.NativeServices] Initialized native services in: C:\Users\Vicky\.gradle\native
2026-04-29T00:31:28.128+0530 [INFO] [org.gradle.internal.nativeintegration.services.NativeServices] Initialized jansi services in: C:\Users\Vicky\.gradle\native
2026-04-29T00:31:28.141+0530 [LIFECYCLE] [org.gradle.launcher.cli.DebugLoggerWarningAction] 
#############################################################################
   WARNING WARNING WARNING WARNING WARNING WARNING WARNING WARNING WARNING

   Debug level logging will leak security sensitive information!

   For more details, please refer to https://docs.gradle.org/8.5/userguide/logging.html#sec:debug_security in the Gradle documentation.
#############################################################################

2026-04-29T00:31:28.169+0530 [DEBUG] [org.gradle.internal.nativeintegration.services.NativeServices] Native-platform posix files integration is not available. Continuing with fallback.
2026-04-29T00:31:28.237+0530 [INFO] [org.gradle.internal.jvm.inspection.DefaultJvmMetadataDetector] Received JVM installation metadata from 'C:\Program Files\Java\jdk-25': {JAVA_HOME=C:\Program Files\Java\jdk-25, JAVA_VERSION=25, JAVA_VENDOR=Oracle Corporation, RUNTIME_NAME=Java(TM) SE Runtime Environment, RUNTIME_VERSION=25+37-LTS-3491, VM_NAME=Java HotSpot(TM) 64-Bit Server VM, VM_VERSION=25+37-LTS-3491, VM_VENDOR=Oracle Corporation, OS_ARCH=amd64}
2026-04-29T00:31:28.373+0530 [DEBUG] [org.gradle.launcher.daemon.client.DaemonClient] Executing build a907dbb2-b6f9-4276-9e1f-4530aa8d8170 in daemon client {pid=26656}
2026-04-29T00:31:28.378+0530 [DEBUG] [org.gradle.internal.remote.internal.inet.InetAddresses] Adding IP addresses for network interface Realtek PCIe GbE Family Controller-WFP Native MAC Layer LightWeight Filter-0000
2026-04-29T00:31:28.379+0530 [DEBUG] [org.gradle.internal.remote.internal.inet.InetAddresses] Is this a loopback interface? false
2026-04-29T00:31:28.379+0530 [DEBUG] [org.gradle.internal.remote.internal.inet.InetAddresses] Adding IP addresses for network interface Realtek PCIe GbE Family Controller-Npcap Packet Driver (NPCAP)-0000
2026-04-29T00:31:28.379+0530 [DEBUG] [org.gradle.internal.remote.internal.inet.InetAddresses] Is this a loopback interface? false
2026-04-29T00:31:28.379+0530 [DEBUG] [org.gradle.internal.remote.internal.inet.InetAddresses] Adding IP addresses for network interface Realtek PCIe GbE Family Controller-QoS Packet Scheduler-0000
2026-04-29T00:31:28.379+0530 [DEBUG] [org.gradle.internal.remote.internal.inet.InetAddresses] Is this a loopback interface? false
2026-04-29T00:31:28.380+0530 [DEBUG] [org.gradle.internal.remote.internal.inet.InetAddresses] Adding IP addresses for network interface Realtek PCIe GbE Family Controller-WFP 802.3 MAC Layer LightWeight Filter-0000
2026-04-29T00:31:28.380+0530 [DEBUG] [org.gradle.internal.remote.internal.inet.InetAddresses] Is this a loopback interface? false
2026-04-29T00:31:28.380+0530 [DEBUG] [org.gradle.internal.remote.internal.inet.InetAddresses] Adding IP addresses for network interface WAN Miniport (IP)-WFP Native MAC Layer LightWeight Filter-0000
2026-04-29T00:31:28.380+0530 [DEBUG] [org.gradle.internal.remote.internal.inet.InetAddresses] Is this a loopback interface? false
2026-04-29T00:31:28.380+0530 [DEBUG] [org.gradle.internal.remote.internal.inet.InetAddresses] Adding IP addresses for network interface WAN Miniport (IP)-Npcap Packet Driver (NPCAP)-0000
2026-04-29T00:31:28.380+0530 [DEBUG] [org.gradle.internal.remote.internal.inet.InetAddresses] Is this a loopback interface? false
2026-04-29T00:31:28.380+0530 [DEBUG] [org.gradle.internal.remote.internal.inet.InetAddresses] Adding IP addresses for network interface WAN Miniport (IP)-QoS Packet Scheduler-0000
2026-04-29T00:31:28.380+0530 [DEBUG] [org.gradle.internal.remote.internal.inet.InetAddresses] Is this a loopback interface? false
2026-04-29T00:31:28.380+0530 [DEBUG] [org.gradle.internal.remote.internal.inet.InetAddresses] Adding IP addresses for network interface WAN Miniport (IPv6)-WFP Native MAC Layer LightWeight Filter-0000
2026-04-29T00:31:28.380+0530 [DEBUG] [org.gradle.internal.remote.internal.inet.InetAddresses] Is this a loopback interface? false
2026-04-29T00:31:28.380+0530 [DEBUG] [org.gradle.internal.remote.internal.inet.InetAddresses] Adding IP addresses for network interface WAN Miniport (IPv6)-Npcap Packet Driver (NPCAP)-0000
2026-04-29T00:31:28.380+0530 [DEBUG] [org.gradle.internal.remote.internal.inet.InetAddresses] Is this a loopback interface? false
2026-04-29T00:31:28.381+0530 [DEBUG] [org.gradle.internal.remote.internal.inet.InetAddresses] Adding IP addresses for network interface WAN Miniport (IPv6)-QoS Packet Scheduler-0000
2026-04-29T00:31:28.381+0530 [DEBUG] [org.gradle.internal.remote.internal.inet.InetAddresses] Is this a loopback interface? false
2026-04-29T00:31:28.381+0530 [DEBUG] [org.gradle.internal.remote.internal.inet.InetAddresses] Adding IP addresses for network interface WAN Miniport (Network Monitor)-WFP Native MAC Layer LightWeight Filter-0000
2026-04-29T00:31:28.381+0530 [DEBUG] [org.gradle.internal.remote.internal.inet.InetAddresses] Is this a loopback interface? false
2026-04-29T00:31:28.381+0530 [DEBUG] [org.gradle.internal.remote.internal.inet.InetAddresses] Adding IP addresses for network interface WAN Miniport (Network Monitor)-Npcap Packet Driver (NPCAP)-0000
2026-04-29T00:31:28.381+0530 [DEBUG] [org.gradle.internal.remote.internal.inet.InetAddresses] Is this a loopback interface? false
2026-04-29T00:31:28.381+0530 [DEBUG] [org.gradle.internal.remote.internal.inet.InetAddresses] Adding IP addresses for network interface WAN Miniport (Network Monitor)-QoS Packet Scheduler-0000
2026-04-29T00:31:28.381+0530 [DEBUG] [org.gradle.internal.remote.internal.inet.InetAddresses] Is this a loopback interface? false
2026-04-29T00:31:28.381+0530 [DEBUG] [org.gradle.internal.remote.internal.inet.InetAddresses] Adding IP addresses for network interface Microsoft Kernel Debug Network Adapter
2026-04-29T00:31:28.381+0530 [DEBUG] [org.gradle.internal.remote.internal.inet.InetAddresses] Is this a loopback interface? false
2026-04-29T00:31:28.381+0530 [DEBUG] [org.gradle.internal.remote.internal.inet.InetAddresses] Adding IP addresses for network interface Realtek PCIe GbE Family Controller
2026-04-29T00:31:28.381+0530 [DEBUG] [org.gradle.internal.remote.internal.inet.InetAddresses] Is this a loopback interface? false
2026-04-29T00:31:28.381+0530 [DEBUG] [org.gradle.internal.remote.internal.inet.InetAddresses] Adding remote address /fe80:0:0:0:2a31:a1eb:4ef1:657f%ethernet_32769
2026-04-29T00:31:28.382+0530 [DEBUG] [org.gradle.internal.remote.internal.inet.InetAddresses] Adding IP addresses for network interface Bluetooth Device (Personal Area Network)
2026-04-29T00:31:28.382+0530 [DEBUG] [org.gradle.internal.remote.internal.inet.InetAddresses] Is this a loopback interface? false
2026-04-29T00:31:28.382+0530 [DEBUG] [org.gradle.internal.remote.internal.inet.InetAddresses] Adding IP addresses for network interface WAN Miniport (IP)
2026-04-29T00:31:28.382+0530 [DEBUG] [org.gradle.internal.remote.internal.inet.InetAddresses] Is this a loopback interface? false
2026-04-29T00:31:28.382+0530 [DEBUG] [org.gradle.internal.remote.internal.inet.InetAddresses] Adding IP addresses for network interface WAN Miniport (IPv6)
2026-04-29T00:31:28.382+0530 [DEBUG] [org.gradle.internal.remote.internal.inet.InetAddresses] Is this a loopback interface? false
2026-04-29T00:31:28.382+0530 [DEBUG] [org.gradle.internal.remote.internal.inet.InetAddresses] Adding IP addresses for network interface WAN Miniport (Network Monitor)
2026-04-29T00:31:28.382+0530 [DEBUG] [org.gradle.internal.remote.internal.inet.InetAddresses] Is this a loopback interface? false
2026-04-29T00:31:28.382+0530 [DEBUG] [org.gradle.internal.remote.internal.inet.InetAddresses] Adding IP addresses for network interface WAN Miniport (PPPOE)
2026-04-29T00:31:28.382+0530 [DEBUG] [org.gradle.internal.remote.internal.inet.InetAddresses] Is this a loopback interface? false
2026-04-29T00:31:28.382+0530 [DEBUG] [org.gradle.internal.remote.internal.inet.InetAddresses] Adding IP addresses for network interface Software Loopback Interface 1
2026-04-29T00:31:28.382+0530 [DEBUG] [org.gradle.internal.remote.internal.inet.InetAddresses] Is this a loopback interface? true
2026-04-29T00:31:28.382+0530 [DEBUG] [org.gradle.internal.remote.internal.inet.InetAddresses] Adding loopback address /0:0:0:0:0:0:0:1
2026-04-29T00:31:28.382+0530 [DEBUG] [org.gradle.internal.remote.internal.inet.InetAddresses] Adding loopback address /127.0.0.1
2026-04-29T00:31:28.382+0530 [DEBUG] [org.gradle.internal.remote.internal.inet.InetAddresses] Adding IP addresses for network interface Intel(R) Wi-Fi 6 AX203-WFP Native MAC Layer LightWeight Filter-0000
2026-04-29T00:31:28.382+0530 [DEBUG] [org.gradle.internal.remote.internal.inet.InetAddresses] Is this a loopback interface? false
2026-04-29T00:31:28.382+0530 [DEBUG] [org.gradle.internal.remote.internal.inet.InetAddresses] Adding IP addresses for network interface Intel(R) Wi-Fi 6 AX203-Virtual WiFi Filter Driver-0000
2026-04-29T00:31:28.383+0530 [DEBUG] [org.gradle.internal.remote.internal.inet.InetAddresses] Is this a loopback interface? false
2026-04-29T00:31:28.383+0530 [DEBUG] [org.gradle.internal.remote.internal.inet.InetAddresses] Adding IP addresses for network interface Intel(R) Wi-Fi 6 AX203-Native WiFi Filter Driver-0000
2026-04-29T00:31:28.383+0530 [DEBUG] [org.gradle.internal.remote.internal.inet.InetAddresses] Is this a loopback interface? false
2026-04-29T00:31:28.383+0530 [DEBUG] [org.gradle.internal.remote.internal.inet.InetAddresses] Adding IP addresses for network interface Intel(R) Wi-Fi 6 AX203-Npcap Packet Driver (NPCAP)-0000
2026-04-29T00:31:28.383+0530 [DEBUG] [org.gradle.internal.remote.internal.inet.InetAddresses] Is this a loopback interface? false
2026-04-29T00:31:28.383+0530 [DEBUG] [org.gradle.internal.remote.internal.inet.InetAddresses] Adding IP addresses for network interface Intel(R) Wi-Fi 6 AX203-QoS Packet Scheduler-0000
2026-04-29T00:31:28.383+0530 [DEBUG] [org.gradle.internal.remote.internal.inet.InetAddresses] Is this a loopback interface? false
2026-04-29T00:31:28.383+0530 [DEBUG] [org.gradle.internal.remote.internal.inet.InetAddresses] Adding IP addresses for network interface Intel(R) Wi-Fi 6 AX203-WFP 802.3 MAC Layer LightWeight Filter-0000
2026-04-29T00:31:28.383+0530 [DEBUG] [org.gradle.internal.remote.internal.inet.InetAddresses] Is this a loopback interface? false
2026-04-29T00:31:28.383+0530 [DEBUG] [org.gradle.internal.remote.internal.inet.InetAddresses] Adding IP addresses for network interface Microsoft Wi-Fi Direct Virtual Adapter-WFP Native MAC Layer LightWeight Filter-0000
2026-04-29T00:31:28.384+0530 [DEBUG] [org.gradle.internal.remote.internal.inet.InetAddresses] Is this a loopback interface? false
2026-04-29T00:31:28.384+0530 [DEBUG] [org.gradle.internal.remote.internal.inet.InetAddresses] Adding IP addresses for network interface Microsoft Wi-Fi Direct Virtual Adapter-Native WiFi Filter Driver-0000
2026-04-29T00:31:28.384+0530 [DEBUG] [org.gradle.internal.remote.internal.inet.InetAddresses] Is this a loopback interface? false
2026-04-29T00:31:28.384+0530 [DEBUG] [org.gradle.internal.remote.internal.inet.InetAddresses] Adding IP addresses for network interface Microsoft Wi-Fi Direct Virtual Adapter-Npcap Packet Driver (NPCAP)-0000
2026-04-29T00:31:28.384+0530 [DEBUG] [org.gradle.internal.remote.internal.inet.InetAddresses] Is this a loopback interface? false
2026-04-29T00:31:28.384+0530 [DEBUG] [org.gradle.internal.remote.internal.inet.InetAddresses] Adding IP addresses for network interface Microsoft Wi-Fi Direct Virtual Adapter-QoS Packet Scheduler-0000
2026-04-29T00:31:28.384+0530 [DEBUG] [org.gradle.internal.remote.internal.inet.InetAddresses] Is this a loopback interface? false
2026-04-29T00:31:28.384+0530 [DEBUG] [org.gradle.internal.remote.internal.inet.InetAddresses] Adding IP addresses for network interface Microsoft Wi-Fi Direct Virtual Adapter-WFP 802.3 MAC Layer LightWeight Filter-0000
2026-04-29T00:31:28.384+0530 [DEBUG] [org.gradle.internal.remote.internal.inet.InetAddresses] Is this a loopback interface? false
2026-04-29T00:31:28.384+0530 [DEBUG] [org.gradle.internal.remote.internal.inet.InetAddresses] Adding IP addresses for network interface Microsoft Wi-Fi Direct Virtual Adapter #2-WFP Native MAC Layer LightWeight Filter-0000
2026-04-29T00:31:28.384+0530 [DEBUG] [org.gradle.internal.remote.internal.inet.InetAddresses] Is this a loopback interface? false
2026-04-29T00:31:28.384+0530 [DEBUG] [org.gradle.internal.remote.internal.inet.InetAddresses] Adding IP addresses for network interface Microsoft Wi-Fi Direct Virtual Adapter #2-Native WiFi Filter Driver-0000
2026-04-29T00:31:28.384+0530 [DEBUG] [org.gradle.internal.remote.internal.inet.InetAddresses] Is this a loopback interface? false
2026-04-29T00:31:28.384+0530 [DEBUG] [org.gradle.internal.remote.internal.inet.InetAddresses] Adding IP addresses for network interface Microsoft Wi-Fi Direct Virtual Adapter #2-Npcap Packet Driver (NPCAP)-0000
2026-04-29T00:31:28.384+0530 [DEBUG] [org.gradle.internal.remote.internal.inet.InetAddresses] Is this a loopback interface? false
2026-04-29T00:31:28.384+0530 [DEBUG] [org.gradle.internal.remote.internal.inet.InetAddresses] Adding IP addresses for network interface Microsoft Wi-Fi Direct Virtual Adapter #2-QoS Packet Scheduler-0000
2026-04-29T00:31:28.384+0530 [DEBUG] [org.gradle.internal.remote.internal.inet.InetAddresses] Is this a loopback interface? false
2026-04-29T00:31:28.384+0530 [DEBUG] [org.gradle.internal.remote.internal.inet.InetAddresses] Adding IP addresses for network interface Microsoft Wi-Fi Direct Virtual Adapter #2-WFP 802.3 MAC Layer LightWeight Filter-0000
2026-04-29T00:31:28.385+0530 [DEBUG] [org.gradle.internal.remote.internal.inet.InetAddresses] Is this a loopback interface? false
2026-04-29T00:31:28.385+0530 [DEBUG] [org.gradle.internal.remote.internal.inet.InetAddresses] Adding IP addresses for network interface Intel(R) Wi-Fi 6 AX203
2026-04-29T00:31:28.385+0530 [DEBUG] [org.gradle.internal.remote.internal.inet.InetAddresses] Is this a loopback interface? false
2026-04-29T00:31:28.385+0530 [DEBUG] [org.gradle.internal.remote.internal.inet.InetAddresses] Adding remote address /fe80:0:0:0:f2f0:a9c1:9bee:7f92%wireless_32768
2026-04-29T00:31:28.385+0530 [DEBUG] [org.gradle.internal.remote.internal.inet.InetAddresses] Adding remote address /192.168.1.104
2026-04-29T00:31:28.385+0530 [DEBUG] [org.gradle.internal.remote.internal.inet.InetAddresses] Adding IP addresses for network interface Microsoft Wi-Fi Direct Virtual Adapter
2026-04-29T00:31:28.385+0530 [DEBUG] [org.gradle.internal.remote.internal.inet.InetAddresses] Is this a loopback interface? false
2026-04-29T00:31:28.385+0530 [DEBUG] [org.gradle.internal.remote.internal.inet.InetAddresses] Adding remote address /fe80:0:0:0:30be:49bf:8062:6dad%wireless_32769
2026-04-29T00:31:28.385+0530 [DEBUG] [org.gradle.internal.remote.internal.inet.InetAddresses] Adding IP addresses for network interface Microsoft Wi-Fi Direct Virtual Adapter #2
2026-04-29T00:31:28.385+0530 [DEBUG] [org.gradle.internal.remote.internal.inet.InetAddresses] Is this a loopback interface? false
2026-04-29T00:31:28.385+0530 [DEBUG] [org.gradle.internal.remote.internal.inet.InetAddresses] Adding remote address /fe80:0:0:0:b9:5cb5:563f:aca4%wireless_32770
2026-04-29T00:31:28.385+0530 [DEBUG] [org.gradle.internal.remote.internal.inet.InetAddresses] Adding IP addresses for network interface Microsoft Teredo Tunneling Adapter
2026-04-29T00:31:28.385+0530 [DEBUG] [org.gradle.internal.remote.internal.inet.InetAddresses] Is this a loopback interface? false
2026-04-29T00:31:28.385+0530 [DEBUG] [org.gradle.internal.remote.internal.inet.InetAddresses] Adding IP addresses for network interface Microsoft IP-HTTPS Platform Adapter
2026-04-29T00:31:28.385+0530 [DEBUG] [org.gradle.internal.remote.internal.inet.InetAddresses] Is this a loopback interface? false
2026-04-29T00:31:28.385+0530 [DEBUG] [org.gradle.internal.remote.internal.inet.InetAddresses] Adding IP addresses for network interface Microsoft 6to4 Adapter
2026-04-29T00:31:28.385+0530 [DEBUG] [org.gradle.internal.remote.internal.inet.InetAddresses] Is this a loopback interface? false
2026-04-29T00:31:28.385+0530 [DEBUG] [org.gradle.internal.remote.internal.inet.InetAddresses] Adding IP addresses for network interface WAN Miniport (SSTP)
2026-04-29T00:31:28.385+0530 [DEBUG] [org.gradle.internal.remote.internal.inet.InetAddresses] Is this a loopback interface? false
2026-04-29T00:31:28.385+0530 [DEBUG] [org.gradle.internal.remote.internal.inet.InetAddresses] Adding IP addresses for network interface WAN Miniport (IKEv2)
2026-04-29T00:31:28.385+0530 [DEBUG] [org.gradle.internal.remote.internal.inet.InetAddresses] Is this a loopback interface? false
2026-04-29T00:31:28.385+0530 [DEBUG] [org.gradle.internal.remote.internal.inet.InetAddresses] Adding IP addresses for network interface WAN Miniport (L2TP)
2026-04-29T00:31:28.385+0530 [DEBUG] [org.gradle.internal.remote.internal.inet.InetAddresses] Is this a loopback interface? false
2026-04-29T00:31:28.385+0530 [DEBUG] [org.gradle.internal.remote.internal.inet.InetAddresses] Adding IP addresses for network interface WAN Miniport (PPTP)
2026-04-29T00:31:28.385+0530 [DEBUG] [org.gradle.internal.remote.internal.inet.InetAddresses] Is this a loopback interface? false
2026-04-29T00:31:28.402+0530 [DEBUG] [org.gradle.cache.internal.DefaultFileLockManager] Waiting to acquire shared lock on daemon addresses registry.
2026-04-29T00:31:28.404+0530 [DEBUG] [org.gradle.cache.internal.DefaultFileLockManager] Lock acquired on daemon addresses registry.
2026-04-29T00:31:28.408+0530 [DEBUG] [org.gradle.cache.internal.DefaultFileLockManager] Releasing lock on daemon addresses registry.
2026-04-29T00:31:28.412+0530 [INFO] [org.gradle.launcher.daemon.client.DefaultDaemonConnector] Found daemon DaemonInfo{pid=36060, address=[274131b7-952f-417e-9ad3-bfbad467f25a port:61913, addresses:[/127.0.0.1]], state=Idle, lastBusy=1777401823591, context=DefaultDaemonContext[uid=3a26d6f7-66ab-4d90-8afa-6a341bda6140,javaHome=C:\Program Files\Android\Android Studio\jbr,daemonRegistryDir=C:\Users\Vicky\.gradle\daemon,pid=36060,idleTimeout=10800000,priority=NORMAL,applyInstrumentationAgent=true,daemonOpts=--add-opens=java.base/java.util=ALL-UNNAMED,--add-opens=java.base/java.lang=ALL-UNNAMED,--add-opens=java.base/java.lang.invoke=ALL-UNNAMED,--add-opens=java.prefs/java.util.prefs=ALL-UNNAMED,--add-opens=java.base/java.nio.charset=ALL-UNNAMED,--add-opens=java.base/java.net=ALL-UNNAMED,--add-opens=java.base/java.util.concurrent.atomic=ALL-UNNAMED,-Xmx2048m,-Dfile.encoding=UTF-8,-Duser.country=IN,-Duser.language=en,-Duser.variant]} however its context does not match the desired criteria.
Java home is different.
Wanted: DefaultDaemonContext[uid=null,javaHome=C:\Program Files\Java\jdk-25,daemonRegistryDir=C:\Users\Vicky\.gradle\daemon,pid=26656,idleTimeout=null,priority=NORMAL,applyInstrumentationAgent=true,daemonOpts=--add-opens=java.base/java.util=ALL-UNNAMED,--add-opens=java.base/java.lang=ALL-UNNAMED,--add-opens=java.base/java.lang.invoke=ALL-UNNAMED,--add-opens=java.prefs/java.util.prefs=ALL-UNNAMED,--add-opens=java.base/java.nio.charset=ALL-UNNAMED,--add-opens=java.base/java.net=ALL-UNNAMED,--add-opens=java.base/java.util.concurrent.atomic=ALL-UNNAMED,-Xmx2048m,-Dfile.encoding=UTF-8,-Duser.country=IN,-Duser.language=en,-Duser.variant]
Actual: DefaultDaemonContext[uid=3a26d6f7-66ab-4d90-8afa-6a341bda6140,javaHome=C:\Program Files\Android\Android Studio\jbr,daemonRegistryDir=C:\Users\Vicky\.gradle\daemon,pid=36060,idleTimeout=10800000,priority=NORMAL,applyInstrumentationAgent=true,daemonOpts=--add-opens=java.base/java.util=ALL-UNNAMED,--add-opens=java.base/java.lang=ALL-UNNAMED,--add-opens=java.base/java.lang.invoke=ALL-UNNAMED,--add-opens=java.prefs/java.util.prefs=ALL-UNNAMED,--add-opens=java.base/java.nio.charset=ALL-UNNAMED,--add-opens=java.base/java.net=ALL-UNNAMED,--add-opens=java.base/java.util.concurrent.atomic=ALL-UNNAMED,-Xmx2048m,-Dfile.encoding=UTF-8,-Duser.country=IN,-Duser.language=en,-Duser.variant]

  Looking for a different daemon...
2026-04-29T00:31:28.414+0530 [DEBUG] [org.gradle.internal.remote.internal.inet.TcpOutgoingConnector] Attempting to connect to [39d10c81-25fa-442f-99ec-7c4bdc3e2f10 port:64953, addresses:[/127.0.0.1]].
2026-04-29T00:31:28.414+0530 [DEBUG] [org.gradle.internal.remote.internal.inet.TcpOutgoingConnector] Trying to connect to address /127.0.0.1.
2026-04-29T00:31:28.417+0530 [DEBUG] [org.gradle.internal.remote.internal.inet.TcpOutgoingConnector] Connected to address /127.0.0.1:64953.
2026-04-29T00:31:28.467+0530 [DEBUG] [org.gradle.launcher.daemon.client.DaemonClient] Connected to daemon DaemonInfo{pid=21920, address=[39d10c81-25fa-442f-99ec-7c4bdc3e2f10 port:64953, addresses:[/127.0.0.1]], state=Idle, lastBusy=1777402848579, context=DefaultDaemonContext[uid=2cc9c877-da9c-4e2b-a045-3193ea8ac9ab,javaHome=C:\Program Files\Java\jdk-25,daemonRegistryDir=C:\Users\Vicky\.gradle\daemon,pid=21920,idleTimeout=10800000,priority=NORMAL,applyInstrumentationAgent=true,daemonOpts=--add-opens=java.base/java.util=ALL-UNNAMED,--add-opens=java.base/java.lang=ALL-UNNAMED,--add-opens=java.base/java.lang.invoke=ALL-UNNAMED,--add-opens=java.prefs/java.util.prefs=ALL-UNNAMED,--add-opens=java.base/java.nio.charset=ALL-UNNAMED,--add-opens=java.base/java.net=ALL-UNNAMED,--add-opens=java.base/java.util.concurrent.atomic=ALL-UNNAMED,-Xmx2048m,-Dfile.encoding=UTF-8,-Duser.country=IN,-Duser.language=en,-Duser.variant]}. Dispatching request Build{id=a907dbb2-b6f9-4276-9e1f-4530aa8d8170, currentDir=C:\Users\Vicky\AndroidStudioProjects\TheGlobalCarbonFootprintProject}.
2026-04-29T00:31:28.467+0530 [DEBUG] [org.gradle.launcher.daemon.client.DaemonClientConnection] thread 3: dispatching class org.gradle.launcher.daemon.protocol.Build
2026-04-29T00:31:28.481+0530 [DEBUG] [org.gradle.launcher.daemon.client.DaemonClient] Received result org.gradle.launcher.daemon.protocol.BuildStarted@27d4a09 from daemon DaemonInfo{pid=21920, address=[39d10c81-25fa-442f-99ec-7c4bdc3e2f10 port:64953, addresses:[/127.0.0.1]], state=Idle, lastBusy=1777402848579, context=DefaultDaemonContext[uid=2cc9c877-da9c-4e2b-a045-3193ea8ac9ab,javaHome=C:\Program Files\Java\jdk-25,daemonRegistryDir=C:\Users\Vicky\.gradle\daemon,pid=21920,idleTimeout=10800000,priority=NORMAL,applyInstrumentationAgent=true,daemonOpts=--add-opens=java.base/java.util=ALL-UNNAMED,--add-opens=java.base/java.lang=ALL-UNNAMED,--add-opens=java.base/java.lang.invoke=ALL-UNNAMED,--add-opens=java.prefs/java.util.prefs=ALL-UNNAMED,--add-opens=java.base/java.nio.charset=ALL-UNNAMED,--add-opens=java.base/java.net=ALL-UNNAMED,--add-opens=java.base/java.util.concurrent.atomic=ALL-UNNAMED,-Xmx2048m,-Dfile.encoding=UTF-8,-Duser.country=IN,-Duser.language=en,-Duser.variant]} (build should be starting).
2026-04-29T00:31:28.482+0530 [INFO] [org.gradle.launcher.daemon.server.exec.LogToClient] The client will now receive all logging from the daemon (pid: 21920). The daemon log file: C:\Users\Vicky\.gradle\daemon\8.5\daemon-21920.out.log
2026-04-29T00:31:28.483+0530 [INFO] [org.gradle.launcher.daemon.server.exec.LogAndCheckHealth] Starting 11th build in daemon [uptime: 1 hrs 25 mins 47.331 secs, performance: 98%, GC rate: 0.00/s, heap usage: 0% of 2 GiB]
2026-04-29T00:31:28.483+0530 [DEBUG] [org.gradle.launcher.daemon.server.exec.ExecuteBuild] The daemon has started executing the build.
2026-04-29T00:31:28.483+0530 [DEBUG] [org.gradle.launcher.daemon.server.exec.ExecuteBuild] Executing build with daemon context: DefaultDaemonContext[uid=2cc9c877-da9c-4e2b-a045-3193ea8ac9ab,javaHome=C:\Program Files\Java\jdk-25,daemonRegistryDir=C:\Users\Vicky\.gradle\daemon,pid=21920,idleTimeout=10800000,priority=NORMAL,applyInstrumentationAgent=true,daemonOpts=--add-opens=java.base/java.util=ALL-UNNAMED,--add-opens=java.base/java.lang=ALL-UNNAMED,--add-opens=java.base/java.lang.invoke=ALL-UNNAMED,--add-opens=java.prefs/java.util.prefs=ALL-UNNAMED,--add-opens=java.base/java.nio.charset=ALL-UNNAMED,--add-opens=java.base/java.net=ALL-UNNAMED,--add-opens=java.base/java.util.concurrent.atomic=ALL-UNNAMED,-Xmx2048m,-Dfile.encoding=UTF-8,-Duser.country=IN,-Duser.language=en,-Duser.variant]
2026-04-29T00:31:28.484+0530 [INFO] [org.gradle.internal.work.DefaultWorkerLeaseService] Using 16 worker leases.
2026-04-29T00:31:28.484+0530 [DEBUG] [org.gradle.internal.resources.AbstractTrackedResourceLock] Daemon worker Thread 2: acquired lock on worker lease
2026-04-29T00:31:28.485+0530 [DEBUG] [org.gradle.internal.operations.DefaultBuildOperationRunner] Build operation 'Run build' started
2026-04-29T00:31:28.490+0530 [INFO] [org.gradle.internal.watch.registry.impl.WatchableHierarchies] Now considering [C:\Users\Vicky\AndroidStudioProjects\TheGlobalCarbonFootprintProject] as hierarchies to watch
2026-04-29T00:31:28.492+0530 [INFO] [org.gradle.tooling.internal.provider.FileSystemWatchingBuildActionRunner] Watching the file system is configured to be enabled if available
2026-04-29T00:31:28.492+0530 [DEBUG] [org.gradle.tooling.internal.provider.FileSystemWatchingBuildActionRunner] Watching the file system computed to be enabled if available
2026-04-29T00:31:28.492+0530 [DEBUG] [org.gradle.internal.operations.DefaultBuildOperationRunner] Build operation 'Build started for file system watching' started
2026-04-29T00:31:28.493+0530 [DEBUG] [org.gradle.internal.watch.vfs.impl.DefaultWatchableFileSystemDetector] Detected NTFS: C:\ from \Device\HarddiskVolume3 (remote: false)
2026-04-29T00:31:28.493+0530 [DEBUG] [org.gradle.internal.watch.vfs.impl.DefaultWatchableFileSystemDetector] Detected NTFS: S:\ from \Device\HarddiskVolume7 (remote: false)
2026-04-29T00:31:28.493+0530 [DEBUG] [org.gradle.internal.operations.DefaultBuildOperationRunner] Completing Build operation 'Build started for file system watching'
2026-04-29T00:31:28.493+0530 [DEBUG] [org.gradle.internal.operations.DefaultBuildOperationRunner] Build operation 'Build started for file system watching' completed
2026-04-29T00:31:28.493+0530 [INFO] [org.gradle.tooling.internal.provider.FileSystemWatchingBuildActionRunner] File system watching is active
2026-04-29T00:31:28.493+0530 [DEBUG] [org.gradle.internal.operations.DefaultBuildOperationRunner] Build operation 'Load build' started
2026-04-29T00:31:28.494+0530 [DEBUG] [org.gradle.initialization.properties.DefaultProjectPropertiesLoader] Found env project properties: []
2026-04-29T00:31:28.494+0530 [DEBUG] [org.gradle.initialization.properties.DefaultProjectPropertiesLoader] Found system project properties: []
2026-04-29T00:31:28.495+0530 [DEBUG] [org.gradle.internal.operations.DefaultBuildOperationRunner] Build operation 'Evaluate settings' started
2026-04-29T00:31:28.496+0530 [DEBUG] [org.gradle.cache.internal.DefaultCacheCoordinator] Creating new cache for workingDirs, path C:\Users\Vicky\AndroidStudioProjects\TheGlobalCarbonFootprintProject\.gradle\8.5\vcsMetadata\workingDirs.bin, access org.gradle.cache.internal.DefaultCacheCoordinator@10c461b2
2026-04-29T00:31:28.497+0530 [DEBUG] [org.gradle.cache.internal.DefaultCacheCoordinator] Creating new cache for md5-checksums, path C:\Users\Vicky\AndroidStudioProjects\TheGlobalCarbonFootprintProject\.gradle\8.5\checksums\md5-checksums.bin, access org.gradle.cache.internal.DefaultCacheCoordinator@50e2b3c7
2026-04-29T00:31:28.498+0530 [DEBUG] [org.gradle.cache.internal.LockOnDemandCrossProcessCacheAccess] Acquiring file lock for checksums cache (C:\Users\Vicky\AndroidStudioProjects\TheGlobalCarbonFootprintProject\.gradle\8.5\checksums)
2026-04-29T00:31:28.499+0530 [DEBUG] [org.gradle.cache.internal.DefaultFileLockManager] Waiting to acquire exclusive lock on checksums cache (C:\Users\Vicky\AndroidStudioProjects\TheGlobalCarbonFootprintProject\.gradle\8.5\checksums).
2026-04-29T00:31:28.499+0530 [DEBUG] [org.gradle.cache.internal.DefaultFileLockManager] Lock acquired on checksums cache (C:\Users\Vicky\AndroidStudioProjects\TheGlobalCarbonFootprintProject\.gradle\8.5\checksums).
2026-04-29T00:31:28.499+0530 [DEBUG] [org.gradle.cache.internal.DefaultCacheCoordinator] Creating new cache for sha1-checksums, path C:\Users\Vicky\AndroidStudioProjects\TheGlobalCarbonFootprintProject\.gradle\8.5\checksums\sha1-checksums.bin, access org.gradle.cache.internal.DefaultCacheCoordinator@50e2b3c7
2026-04-29T00:31:28.499+0530 [DEBUG] [org.gradle.cache.internal.DefaultCacheCoordinator] Creating new cache for sha256-checksums, path C:\Users\Vicky\AndroidStudioProjects\TheGlobalCarbonFootprintProject\.gradle\8.5\checksums\sha256-checksums.bin, access org.gradle.cache.internal.DefaultCacheCoordinator@50e2b3c7
2026-04-29T00:31:28.499+0530 [DEBUG] [org.gradle.cache.internal.DefaultCacheCoordinator] Creating new cache for sha512-checksums, path C:\Users\Vicky\AndroidStudioProjects\TheGlobalCarbonFootprintProject\.gradle\8.5\checksums\sha512-checksums.bin, access org.gradle.cache.internal.DefaultCacheCoordinator@50e2b3c7
2026-04-29T00:31:28.500+0530 [DEBUG] [org.gradle.cache.internal.DefaultCacheCoordinator] Creating new cache for fileHashes, path C:\Users\Vicky\AndroidStudioProjects\TheGlobalCarbonFootprintProject\.gradle\8.5\fileHashes\fileHashes.bin, access org.gradle.cache.internal.DefaultCacheCoordinator@50d03547
2026-04-29T00:31:28.500+0530 [DEBUG] [org.gradle.cache.internal.LockOnDemandCrossProcessCacheAccess] Acquiring file lock for file hash cache (C:\Users\Vicky\AndroidStudioProjects\TheGlobalCarbonFootprintProject\.gradle\8.5\fileHashes)
2026-04-29T00:31:28.501+0530 [DEBUG] [org.gradle.cache.internal.DefaultFileLockManager] Waiting to acquire exclusive lock on file hash cache (C:\Users\Vicky\AndroidStudioProjects\TheGlobalCarbonFootprintProject\.gradle\8.5\fileHashes).
2026-04-29T00:31:28.501+0530 [DEBUG] [org.gradle.cache.internal.DefaultFileLockManager] Lock acquired on file hash cache (C:\Users\Vicky\AndroidStudioProjects\TheGlobalCarbonFootprintProject\.gradle\8.5\fileHashes).
2026-04-29T00:31:28.502+0530 [DEBUG] [org.gradle.cache.internal.DefaultCacheCoordinator] Creating new cache for md-supplier, path C:\Users\Vicky\.gradle\caches\8.5\md-supplier\md-supplier.bin, access org.gradle.cache.internal.DefaultCacheCoordinator@5cc8de2e
2026-04-29T00:31:28.503+0530 [DEBUG] [org.gradle.cache.internal.LockOnDemandCrossProcessCacheAccess] Acquiring file lock for cache directory md-supplier (C:\Users\Vicky\.gradle\caches\8.5\md-supplier)
2026-04-29T00:31:28.504+0530 [DEBUG] [org.gradle.cache.internal.DefaultFileLockManager] Waiting to acquire exclusive lock on cache directory md-supplier (C:\Users\Vicky\.gradle\caches\8.5\md-supplier).
2026-04-29T00:31:28.504+0530 [DEBUG] [org.gradle.cache.internal.DefaultFileLockManager] Lock acquired on cache directory md-supplier (C:\Users\Vicky\.gradle\caches\8.5\md-supplier).
2026-04-29T00:31:28.505+0530 [DEBUG] [org.gradle.cache.internal.DefaultCacheCoordinator] Creating new cache for md-rule, path C:\Users\Vicky\.gradle\caches\8.5\md-rule\md-rule.bin, access org.gradle.cache.internal.DefaultCacheCoordinator@f9a7b2c
2026-04-29T00:31:28.505+0530 [DEBUG] [org.gradle.cache.internal.LockOnDemandCrossProcessCacheAccess] Acquiring file lock for cache directory md-rule (C:\Users\Vicky\.gradle\caches\8.5\md-rule)
2026-04-29T00:31:28.506+0530 [DEBUG] [org.gradle.cache.internal.DefaultFileLockManager] Waiting to acquire exclusive lock on cache directory md-rule (C:\Users\Vicky\.gradle\caches\8.5\md-rule).
2026-04-29T00:31:28.507+0530 [DEBUG] [org.gradle.cache.internal.DefaultFileLockManager] Lock acquired on cache directory md-rule (C:\Users\Vicky\.gradle\caches\8.5\md-rule).
2026-04-29T00:31:28.511+0530 [DEBUG] [org.gradle.api.internal.artifacts.mvnsettings.DefaultLocalMavenRepositoryLocator] No local repository in Settings file defined. Using default path: C:\Users\Vicky\.m2\repository
2026-04-29T00:31:28.512+0530 [DEBUG] [org.gradle.cache.internal.DefaultCacheCoordinator] Creating new cache for resourceHashesCache, path C:\Users\Vicky\AndroidStudioProjects\TheGlobalCarbonFootprintProject\.gradle\8.5\fileHashes\resourceHashesCache.bin, access org.gradle.cache.internal.DefaultCacheCoordinator@50d03547
2026-04-29T00:31:28.513+0530 [DEBUG] [org.gradle.internal.locking.LockFileReaderWriter] Lockfiles root: C:\Users\Vicky\AndroidStudioProjects\TheGlobalCarbonFootprintProject\gradle\dependency-locks
2026-04-29T00:31:28.514+0530 [INFO] [org.gradle.internal.buildevents.BuildLogger] Starting Build
2026-04-29T00:31:28.514+0530 [DEBUG] [org.gradle.internal.buildevents.BuildLogger] Gradle user home: C:\Users\Vicky\.gradle
2026-04-29T00:31:28.514+0530 [DEBUG] [org.gradle.internal.buildevents.BuildLogger] Current dir: C:\Users\Vicky\AndroidStudioProjects\TheGlobalCarbonFootprintProject
2026-04-29T00:31:28.516+0530 [DEBUG] [org.gradle.internal.buildevents.BuildLogger] Settings file: null
2026-04-29T00:31:28.516+0530 [DEBUG] [org.gradle.internal.buildevents.BuildLogger] Build file: null
2026-04-29T00:31:28.520+0530 [DEBUG] [org.gradle.internal.operations.DefaultBuildOperationRunner] Build operation 'Apply settings file 'settings.gradle.kts' to settings 'TheGlobalCarbonFootprintProject'' started
2026-04-29T00:31:28.520+0530 [DEBUG] [org.gradle.kotlin.dsl.provider.KotlinScriptPlugin] Applying Kotlin script to settings 'TheGlobalCarbonFootprintProject'
2026-04-29T00:31:28.531+0530 [DEBUG] [org.gradle.cache.internal.LockOnDemandCrossProcessCacheAccess] Acquiring file lock for Generated Gradle JARs cache (C:\Users\Vicky\.gradle\caches\8.5\generated-gradle-jars)
2026-04-29T00:31:28.532+0530 [DEBUG] [org.gradle.cache.internal.DefaultFileLockManager] Waiting to acquire exclusive lock on Generated Gradle JARs cache (C:\Users\Vicky\.gradle\caches\8.5\generated-gradle-jars).
2026-04-29T00:31:28.532+0530 [DEBUG] [org.gradle.cache.internal.DefaultFileLockManager] Lock acquired on Generated Gradle JARs cache (C:\Users\Vicky\.gradle\caches\8.5\generated-gradle-jars).
2026-04-29T00:31:28.532+0530 [DEBUG] [org.gradle.api.internal.runtimeshaded.RuntimeShadedJarFactory] Using Gradle runtime shaded JAR file: C:\Users\Vicky\.gradle\caches\8.5\generated-gradle-jars\gradle-api-8.5.jar
2026-04-29T00:31:28.534+0530 [DEBUG] [org.gradle.internal.operations.DefaultBuildOperationRunner] Build operation 'Identifying work' started
2026-04-29T00:31:28.535+0530 [DEBUG] [org.gradle.cache.internal.LockOnDemandCrossProcessCacheAccess] Acquiring file lock for file hash cache (C:\Users\Vicky\.gradle\caches\8.5\fileHashes)
2026-04-29T00:31:28.537+0530 [DEBUG] [org.gradle.cache.internal.DefaultFileLockManager] Waiting to acquire exclusive lock on file hash cache (C:\Users\Vicky\.gradle\caches\8.5\fileHashes).
2026-04-29T00:31:28.537+0530 [DEBUG] [org.gradle.cache.internal.DefaultFileLockManager] Lock acquired on file hash cache (C:\Users\Vicky\.gradle\caches\8.5\fileHashes).
2026-04-29T00:31:28.537+0530 [INFO] [org.gradle.cache.internal.InMemoryDecoratedCache] Invalidating in-memory cache of C:\Users\Vicky\.gradle\caches\8.5\fileHashes\fileHashes.bin
2026-04-29T00:31:28.537+0530 [INFO] [org.gradle.cache.internal.InMemoryDecoratedCache] Invalidating in-memory cache of C:\Users\Vicky\.gradle\caches\8.5\fileHashes\resourceHashesCache.bin
2026-04-29T00:31:28.538+0530 [DEBUG] [org.gradle.cache.internal.btree.BTreePersistentIndexedCache] Opening cache resourceHashesCache.bin (C:\Users\Vicky\.gradle\caches\8.5\fileHashes\resourceHashesCache.bin)
2026-04-29T00:31:28.543+0530 [DEBUG] [org.gradle.internal.operations.DefaultBuildOperationRunner] Completing Build operation 'Identifying work'
2026-04-29T00:31:28.543+0530 [DEBUG] [org.gradle.internal.operations.DefaultBuildOperationRunner] Build operation 'Identifying work' completed
2026-04-29T00:31:28.543+0530 [DEBUG] [org.gradle.cache.internal.LockOnDemandCrossProcessCacheAccess] Acquiring file lock for kotlin-dsl (C:\Users\Vicky\.gradle\caches\8.5\kotlin-dsl)
2026-04-29T00:31:28.545+0530 [DEBUG] [org.gradle.cache.internal.DefaultFileLockManager] Waiting to acquire exclusive lock on kotlin-dsl (C:\Users\Vicky\.gradle\caches\8.5\kotlin-dsl).
2026-04-29T00:31:28.545+0530 [DEBUG] [org.gradle.cache.internal.DefaultFileLockManager] Lock acquired on kotlin-dsl (C:\Users\Vicky\.gradle\caches\8.5\kotlin-dsl).
2026-04-29T00:31:28.545+0530 [INFO] [org.gradle.cache.internal.InMemoryDecoratedCache] Invalidating in-memory cache of C:\Users\Vicky\.gradle\caches\8.5\kotlin-dsl\executionHistory.bin
2026-04-29T00:31:28.545+0530 [DEBUG] [org.gradle.cache.internal.LockOnDemandCrossProcessCacheAccess] Acquiring file lock for journal cache (C:\Users\Vicky\.gradle\caches\journal-1)
2026-04-29T00:31:28.546+0530 [DEBUG] [org.gradle.cache.internal.DefaultFileLockManager] Waiting to acquire exclusive lock on journal cache (C:\Users\Vicky\.gradle\caches\journal-1).
2026-04-29T00:31:28.547+0530 [DEBUG] [org.gradle.cache.internal.DefaultFileLockManager] Lock acquired on journal cache (C:\Users\Vicky\.gradle\caches\journal-1).
2026-04-29T00:31:28.547+0530 [INFO] [org.gradle.cache.internal.InMemoryDecoratedCache] Invalidating in-memory cache of C:\Users\Vicky\.gradle\caches\journal-1\file-access.bin
2026-04-29T00:31:28.547+0530 [DEBUG] [org.gradle.cache.internal.btree.BTreePersistentIndexedCache] Opening cache executionHistory.bin (C:\Users\Vicky\.gradle\caches\8.5\kotlin-dsl\executionHistory.bin)
2026-04-29T00:31:28.547+0530 [DEBUG] [org.gradle.cache.internal.btree.BTreePersistentIndexedCache] Opening cache file-access.bin (C:\Users\Vicky\.gradle\caches\journal-1\file-access.bin)
2026-04-29T00:31:28.548+0530 [DEBUG] [org.gradle.internal.operations.DefaultBuildOperationRunner] Build operation 'Snapshot inputs and outputs before executing Kotlin DSL script compilation (Settings/TopLevel/stage1)' started
2026-04-29T00:31:28.548+0530 [DEBUG] [org.gradle.internal.execution.steps.CaptureStateBeforeExecutionStep] Implementation for Kotlin DSL script compilation (Settings/TopLevel/stage1): org.gradle.kotlin.dsl.provider.CompileKotlinScript@24f3ce50cd24b0471f55c5fb1fe03e20
2026-04-29T00:31:28.548+0530 [DEBUG] [org.gradle.internal.execution.steps.CaptureStateBeforeExecutionStep] Additional implementations for Kotlin DSL script compilation (Settings/TopLevel/stage1): []
2026-04-29T00:31:28.548+0530 [DEBUG] [org.gradle.internal.operations.DefaultBuildOperationRunner] Completing Build operation 'Snapshot inputs and outputs before executing Kotlin DSL script compilation (Settings/TopLevel/stage1)'
2026-04-29T00:31:28.548+0530 [DEBUG] [org.gradle.internal.operations.DefaultBuildOperationRunner] Build operation 'Snapshot inputs and outputs before executing Kotlin DSL script compilation (Settings/TopLevel/stage1)' completed
2026-04-29T00:31:28.549+0530 [DEBUG] [org.gradle.internal.execution.steps.SkipUpToDateStep] Determining if Kotlin DSL script compilation (Settings/TopLevel/stage1) is up-to-date
2026-04-29T00:31:28.549+0530 [INFO] [org.gradle.internal.execution.steps.SkipUpToDateStep] Kotlin DSL script compilation (Settings/TopLevel/stage1) is not up-to-date because:
  Task has failed previously.
2026-04-29T00:31:28.549+0530 [DEBUG] [org.gradle.internal.vfs.impl.AbstractVirtualFileSystem] Invalidating VFS paths: [C:\Users\Vicky\.gradle\caches\8.5\kotlin-dsl\scripts\5b5c3f49f42d570b5fc13f68a83d6aa6\classes]
2026-04-29T00:31:28.549+0530 [DEBUG] [org.gradle.internal.execution.steps.CreateOutputsStep] Ensuring directory exists for property classesDir at C:\Users\Vicky\.gradle\caches\8.5\kotlin-dsl\scripts\5b5c3f49f42d570b5fc13f68a83d6aa6\classes
2026-04-29T00:31:28.550+0530 [DEBUG] [org.gradle.internal.file.impl.DefaultDeleter] Deleting C:\Users\Vicky\.gradle\caches\8.5\kotlin-dsl\scripts\5b5c3f49f42d570b5fc13f68a83d6aa6\classes
2026-04-29T00:31:28.550+0530 [DEBUG] [org.gradle.internal.operations.DefaultBuildOperationRunner] Build operation 'Executing Kotlin DSL script compilation (Settings/TopLevel/stage1)' started
2026-04-29T00:31:28.550+0530 [DEBUG] [org.gradle.kotlin.dsl.execution.Interpreter] Compiling Settings/TopLevel/stage1 from settings file 'C:\Users\Vicky\AndroidStudioProjects\TheGlobalCarbonFootprintProject\settings.gradle.kts'
2026-04-29T00:31:28.554+0530 [DEBUG] [org.gradle.internal.operations.DefaultBuildOperationRunner] Build operation 'Compile script settings.gradle.kts (CLASSPATH)' started
2026-04-29T00:31:28.564+0530 [DEBUG] [org.gradle.internal.operations.DefaultBuildOperationRunner] Completing Build operation 'Compile script settings.gradle.kts (CLASSPATH)'
2026-04-29T00:31:28.564+0530 [DEBUG] [org.gradle.internal.operations.DefaultBuildOperationRunner] Build operation 'Compile script settings.gradle.kts (CLASSPATH)' completed
2026-04-29T00:31:28.564+0530 [DEBUG] [org.gradle.internal.operations.DefaultBuildOperationRunner] Completing Build operation 'Executing Kotlin DSL script compilation (Settings/TopLevel/stage1)'
2026-04-29T00:31:28.564+0530 [DEBUG] [org.gradle.internal.operations.DefaultBuildOperationRunner] Build operation 'Executing Kotlin DSL script compilation (Settings/TopLevel/stage1)' completed
2026-04-29T00:31:28.564+0530 [DEBUG] [org.gradle.internal.vfs.impl.AbstractVirtualFileSystem] Invalidating VFS paths: [C:\Users\Vicky\.gradle\caches\8.5\kotlin-dsl\scripts\5b5c3f49f42d570b5fc13f68a83d6aa6\classes]
2026-04-29T00:31:28.565+0530 [DEBUG] [org.gradle.internal.operations.DefaultBuildOperationRunner] Build operation 'Snapshot outputs after executing Kotlin DSL script compilation (Settings/TopLevel/stage1)' started
2026-04-29T00:31:28.565+0530 [DEBUG] [org.gradle.internal.operations.DefaultBuildOperationRunner] Completing Build operation 'Snapshot outputs after executing Kotlin DSL script compilation (Settings/TopLevel/stage1)'
2026-04-29T00:31:28.565+0530 [DEBUG] [org.gradle.internal.operations.DefaultBuildOperationRunner] Build operation 'Snapshot outputs after executing Kotlin DSL script compilation (Settings/TopLevel/stage1)' completed
2026-04-29T00:31:28.565+0530 [DEBUG] [org.gradle.internal.operations.DefaultBuildOperationRunner] Completing Build operation 'Apply settings file 'settings.gradle.kts' to settings 'TheGlobalCarbonFootprintProject''
2026-04-29T00:31:28.566+0530 [DEBUG] [org.gradle.internal.operations.DefaultBuildOperationRunner] Build operation 'Apply settings file 'settings.gradle.kts' to settings 'TheGlobalCarbonFootprintProject'' completed
2026-04-29T00:31:28.566+0530 [DEBUG] [org.gradle.internal.operations.DefaultBuildOperationRunner] Completing Build operation 'Evaluate settings'
2026-04-29T00:31:28.566+0530 [DEBUG] [org.gradle.internal.operations.DefaultBuildOperationRunner] Build operation 'Evaluate settings' completed
2026-04-29T00:31:28.566+0530 [DEBUG] [org.gradle.internal.operations.DefaultBuildOperationRunner] Completing Build operation 'Load build'
2026-04-29T00:31:28.566+0530 [DEBUG] [org.gradle.internal.operations.DefaultBuildOperationRunner] Build operation 'Load build' completed
2026-04-29T00:31:28.566+0530 [DEBUG] [org.gradle.internal.operations.DefaultBuildOperationRunner] Build operation 'Finish root build tree' started
2026-04-29T00:31:28.566+0530 [DEBUG] [org.gradle.cache.internal.LockOnDemandCrossProcessCacheAccess] Acquiring file lock for artifact cache (C:\Users\Vicky\.gradle\caches\modules-2)
2026-04-29T00:31:28.567+0530 [DEBUG] [org.gradle.cache.internal.DefaultFileLockManager] Waiting to acquire exclusive lock on artifact cache (C:\Users\Vicky\.gradle\caches\modules-2).
2026-04-29T00:31:28.568+0530 [DEBUG] [org.gradle.cache.internal.DefaultFileLockManager] Lock acquired on artifact cache (C:\Users\Vicky\.gradle\caches\modules-2).
2026-04-29T00:31:28.568+0530 [DEBUG] [org.gradle.internal.operations.DefaultBuildOperationRunner] Completing Build operation 'Finish root build tree'
2026-04-29T00:31:28.568+0530 [DEBUG] [org.gradle.internal.operations.DefaultBuildOperationRunner] Build operation 'Finish root build tree' completed
2026-04-29T00:31:28.568+0530 [ERROR] [org.gradle.internal.buildevents.BuildExceptionReporter] 
2026-04-29T00:31:28.568+0530 [ERROR] [org.gradle.internal.buildevents.BuildExceptionReporter] FAILURE: Build failed with an exception.
2026-04-29T00:31:28.568+0530 [ERROR] [org.gradle.internal.buildevents.BuildExceptionReporter] 
2026-04-29T00:31:28.568+0530 [ERROR] [org.gradle.internal.buildevents.BuildExceptionReporter] * What went wrong:
2026-04-29T00:31:28.569+0530 [ERROR] [org.gradle.internal.buildevents.BuildExceptionReporter] 25
2026-04-29T00:31:28.569+0530 [ERROR] [org.gradle.internal.buildevents.BuildExceptionReporter] 
2026-04-29T00:31:28.569+0530 [ERROR] [org.gradle.internal.buildevents.BuildExceptionReporter] * Try:
2026-04-29T00:31:28.569+0530 [ERROR] [org.gradle.internal.buildevents.BuildExceptionReporter] > Run with --stacktrace option to get the stack trace.
2026-04-29T00:31:28.569+0530 [ERROR] [org.gradle.internal.buildevents.BuildExceptionReporter] > Run with --scan to get full insights.
2026-04-29T00:31:28.569+0530 [ERROR] [org.gradle.internal.buildevents.BuildExceptionReporter] > Get more help at https://help.gradle.org.
2026-04-29T00:31:28.569+0530 [ERROR] [org.gradle.internal.buildevents.BuildResultLogger] 
2026-04-29T00:31:28.569+0530 [ERROR] [org.gradle.internal.buildevents.BuildResultLogger] BUILD FAILED in 1s
2026-04-29T00:31:28.569+0530 [DEBUG] [org.gradle.internal.operations.DefaultBuildOperationRunner] Build operation 'Build finished for file system watching' started
2026-04-29T00:31:28.569+0530 [INFO] [org.gradle.internal.watch.registry.impl.HierarchicalFileWatcherUpdater] Watched directory hierarchies: []
2026-04-29T00:31:28.569+0530 [DEBUG] [org.gradle.internal.operations.DefaultBuildOperationRunner] Completing Build operation 'Build finished for file system watching'
2026-04-29T00:31:28.569+0530 [DEBUG] [org.gradle.internal.operations.DefaultBuildOperationRunner] Build operation 'Build finished for file system watching' completed
2026-04-29T00:31:28.570+0530 [DEBUG] [org.gradle.cache.internal.LockOnDemandCrossProcessCacheAccess] Releasing file lock for cache directory md-supplier (C:\Users\Vicky\.gradle\caches\8.5\md-supplier)
2026-04-29T00:31:28.571+0530 [DEBUG] [org.gradle.cache.internal.DefaultFileLockManager] Releasing lock on cache directory md-supplier (C:\Users\Vicky\.gradle\caches\8.5\md-supplier).
2026-04-29T00:31:28.571+0530 [DEBUG] [org.gradle.cache.internal.LockOnDemandCrossProcessCacheAccess] Releasing file lock for cache directory md-rule (C:\Users\Vicky\.gradle\caches\8.5\md-rule)
2026-04-29T00:31:28.571+0530 [DEBUG] [org.gradle.cache.internal.DefaultFileLockManager] Releasing lock on cache directory md-rule (C:\Users\Vicky\.gradle\caches\8.5\md-rule).
2026-04-29T00:31:28.571+0530 [DEBUG] [org.gradle.api.internal.artifacts.ivyservice.resolveengine.store.ResolutionResultsStoreFactory] Deleted 0 resolution results binary files in 0.0 secs
2026-04-29T00:31:28.571+0530 [DEBUG] [org.gradle.internal.operations.DefaultBuildOperationRunner] Completing Build operation 'Run build'
2026-04-29T00:31:28.571+0530 [DEBUG] [org.gradle.internal.operations.DefaultBuildOperationRunner] Build operation 'Run build' completed
2026-04-29T00:31:28.572+0530 [DEBUG] [org.gradle.internal.resources.AbstractTrackedResourceLock] Daemon worker Thread 2: released lock on worker lease
2026-04-29T00:31:28.572+0530 [DEBUG] [org.gradle.deployment.internal.DefaultDeploymentRegistry] Stopping 0 deployment handles
2026-04-29T00:31:28.572+0530 [DEBUG] [org.gradle.deployment.internal.DefaultDeploymentRegistry] Stopped deployment handles
2026-04-29T00:31:28.573+0530 [DEBUG] [org.gradle.cache.internal.DefaultPersistentDirectoryStore] VCS Checkout Cache (C:\Users\Vicky\AndroidStudioProjects\TheGlobalCarbonFootprintProject\.gradle\vcs-1) has last been fully cleaned up 16 hours ago
2026-04-29T00:31:28.573+0530 [DEBUG] [org.gradle.cache.internal.DefaultCacheCoordinator] Cache VCS Checkout Cache (C:\Users\Vicky\AndroidStudioProjects\TheGlobalCarbonFootprintProject\.gradle\vcs-1) was closed 0 times.
2026-04-29T00:31:28.573+0530 [DEBUG] [org.gradle.cache.internal.DefaultCacheCoordinator] Cache VCS metadata (C:\Users\Vicky\AndroidStudioProjects\TheGlobalCarbonFootprintProject\.gradle\8.5\vcsMetadata) was closed 0 times.
2026-04-29T00:31:28.573+0530 [DEBUG] [org.gradle.cache.internal.LockOnDemandCrossProcessCacheAccess] Releasing file lock for checksums cache (C:\Users\Vicky\AndroidStudioProjects\TheGlobalCarbonFootprintProject\.gradle\8.5\checksums)
2026-04-29T00:31:28.573+0530 [DEBUG] [org.gradle.cache.internal.DefaultFileLockManager] Releasing lock on checksums cache (C:\Users\Vicky\AndroidStudioProjects\TheGlobalCarbonFootprintProject\.gradle\8.5\checksums).
2026-04-29T00:31:28.574+0530 [DEBUG] [org.gradle.cache.internal.LockOnDemandCrossProcessCacheAccess] Releasing file lock for file hash cache (C:\Users\Vicky\AndroidStudioProjects\TheGlobalCarbonFootprintProject\.gradle\8.5\fileHashes)
2026-04-29T00:31:28.574+0530 [DEBUG] [org.gradle.cache.internal.DefaultFileLockManager] Releasing lock on file hash cache (C:\Users\Vicky\AndroidStudioProjects\TheGlobalCarbonFootprintProject\.gradle\8.5\fileHashes).
2026-04-29T00:31:28.584+0530 [DEBUG] [org.gradle.launcher.daemon.server.exec.ExecuteBuild] The daemon has finished executing the build.
2026-04-29T00:31:28.621+0530 [DEBUG] [org.gradle.launcher.daemon.client.DaemonClientInputForwarder] Dispatching close input message: org.gradle.launcher.daemon.protocol.CloseInput@3483c970
2026-04-29T00:31:28.621+0530 [DEBUG] [org.gradle.launcher.daemon.client.DaemonClientConnection] thread 42: dispatching class org.gradle.launcher.daemon.protocol.CloseInput
2026-04-29T00:31:28.622+0530 [DEBUG] [org.gradle.launcher.daemon.client.DaemonClient] Received result Success[value=org.gradle.launcher.exec.BuildActionResult@512535ff] from daemon DaemonInfo{pid=21920, address=[39d10c81-25fa-442f-99ec-7c4bdc3e2f10 port:64953, addresses:[/127.0.0.1]], state=Idle, lastBusy=1777402848579, context=DefaultDaemonContext[uid=2cc9c877-da9c-4e2b-a045-3193ea8ac9ab,javaHome=C:\Program Files\Java\jdk-25,daemonRegistryDir=C:\Users\Vicky\.gradle\daemon,pid=21920,idleTimeout=10800000,priority=NORMAL,applyInstrumentationAgent=true,daemonOpts=--add-opens=java.base/java.util=ALL-UNNAMED,--add-opens=java.base/java.lang=ALL-UNNAMED,--add-opens=java.base/java.lang.invoke=ALL-UNNAMED,--add-opens=java.prefs/java.util.prefs=ALL-UNNAMED,--add-opens=java.base/java.nio.charset=ALL-UNNAMED,--add-opens=java.base/java.net=ALL-UNNAMED,--add-opens=java.base/java.util.concurrent.atomic=ALL-UNNAMED,-Xmx2048m,-Dfile.encoding=UTF-8,-Duser.country=IN,-Duser.language=en,-Duser.variant]} (build should be done).
2026-04-29T00:31:28.623+0530 [DEBUG] [org.gradle.launcher.daemon.client.DaemonClientConnection] thread 3: dispatching class org.gradle.launcher.daemon.protocol.Finished
2026-04-29T00:31:28.623+0530 [DEBUG] [org.gradle.launcher.daemon.client.DaemonClientConnection] thread 3: connection stop
2026-04-29T00:31:28.626+0530 [LIFECYCLE] [org.gradle.launcher.cli.DebugLoggerWarningAction] 
#############################################################################
   WARNING WARNING WARNING WARNING WARNING WARNING WARNING WARNING WARNING

   Debug level logging will leak security sensitive information!

   For more details, please refer to https://docs.gradle.org/8.5/userguide/logging.html#sec:debug_security in the Gradle documentation.
#############################################################################

